0
0
0
0
0
0
0
0
0
0

[RuntimeObject(number)=1, RuntimeObject(number)=2, RuntimeObject(number)=3]
1
2
3