First class
First class
10
10
Hello
Hello World
Hello World