Welcome to the guessing game!
Guess the number...
You have 5 left
You have 4 left
You have 3 left
You have 2 left
You have 1 left
You guessed the correct number!