Division by zero is not kawaii, please don't do that.